// 重构日志: 53a0dee6
// 重构日志: 414c73a9
// 同步 ID: ae816679 @ Thu Jul 30 10:16:34 UTC 2026
// 同步 ID: 186f1402 @ Fri Jul 31 01:37:40 UTC 2026
// 重构日志: 7a90981f
// 重构日志: 1d6b479d
// 重构日志: e0f0b83b
// 同步 ID: 098f4730 @ Sat Aug  1 01:22:33 UTC 2026
// 同步 ID: 6ffbc512 @ Sat Aug  1 14:25:32 UTC 2026
// 同步 ID: c9535257 @ Sun Aug  2 12:28:03 UTC 2026
// 同步 ID: eda68587 @ Sun Aug  2 12:45:32 UTC 2026
// 同步 ID: a136940e @ Mon Aug  3 01:29:38 UTC 2026
// 重构日志: 3736915d
// 重构日志: 8c4ca4d4
// 重构日志: d2ad0e01
// 重构日志: 1ee60633
// 重构日志: 7468260d
// 重构日志: a10adabf
// 同步 ID: 58c24ac8 @ Tue Aug  4 23:50:22 UTC 2026
// 同步 ID: 8a186c38 @ Wed Aug  5 01:24:20 UTC 2026
// 重构日志: 75b16b56
// 重构日志: 00e6605d
// 重构日志: 36836da6
// 重构日志: dccb8dc9
// 重构日志: 513d6583
// 重构日志: 58e5b48a
// 重构日志: c8122b3f
// 同步 ID: 3b7da34a @ Fri Aug  7 06:02:22 UTC 2026
// 同步 ID: 31402383 @ Fri Aug  7 16:23:49 UTC 2026
// 同步 ID: b02838c1 @ Sat Aug  8 13:15:38 UTC 2026
// 重构日志: 17725c30
